// Jest Snapshot v1, https://goo.gl/fbAQLP

exports[`should render loading spinner 1`] = `<div />`;
